// Jest Snapshot v1, https://goo.gl/fbAQLP

exports[`<Post /> should match snapshot 1`] = `
<WithStyles(ForwardRef(Card))
  className="makeStyles-card-1"
>
  <WithStyles(ForwardRef(CardHeader))
    action={false}
    avatar={
      <WithStyles(ForwardRef(Avatar))
        alt="Ted talk"
        src="https://pbs.twimg.com/profile_images/877631054525472768/Xp5FAPD5_reasonably_small.jpg"
      />
    }
    subheader="5 hours ago"
    title="Saber Fathallah"
  />
  <WithStyles(ForwardRef(CardContent))>
    <WithStyles(ForwardRef(Typography))
      color="textSecondary"
      component="p"
      variant="body2"
    >
      corona france post
    </WithStyles(ForwardRef(Typography))>
    <LikeContainer
      likes={
        Array [
          "5e8a26784c6b1d234b4c1a3f",
          "5e89c2fd8245cd0d75dec501",
        ]
      }
      postId="5e89c6878245cd0d75dec510"
      userConnected={
        Object {
          "email": "sberrr@gmail.com",
          "id": "5fac3671dd9b1b079249d522",
          "name": "sberrr",
        }
      }
    />
    <CommentsContainer
      categoryId="5e89c6458245cd0d75dec50f"
      comments={Array []}
      creatorId="5e89c2fd8245cd0d75dec501"
      postId="5e89c6878245cd0d75dec510"
      userConnected={
        Object {
          "email": "sberrr@gmail.com",
          "id": "5fac3671dd9b1b079249d522",
          "name": "sberrr",
        }
      }
    />
  </WithStyles(ForwardRef(CardContent))>
</WithStyles(ForwardRef(Card))>
`;
