// Jest Snapshot v1, https://goo.gl/fbAQLP

exports[`InputWrapper should display snapshot 1`] = `
<form
  onSubmit={[Function]}
  style={
    Object {
      "display": "contents",
    }
  }
>
  <div
    className="MuiFormControl-root MuiTextField-root MuiFormControl-marginNormal MuiFormControl-fullWidth"
    style={
      Object {
        "margin": 8,
      }
    }
  >
    <label
      className="MuiFormLabel-root MuiInputLabel-root MuiInputLabel-formControl MuiInputLabel-animated MuiInputLabel-shrink MuiFormLabel-filled"
      data-shrink={true}
      htmlFor="descriptionstandard-full-width"
      id="descriptionstandard-full-width-label"
    >
      Ajouter un commentaire
    </label>
    <div
      className="MuiInputBase-root MuiInput-root MuiInput-underline MuiInputBase-fullWidth MuiInput-fullWidth MuiInputBase-formControl MuiInput-formControl"
      onClick={[Function]}
    >
      <input
        aria-invalid={false}
        autoFocus={false}
        className="MuiInputBase-input MuiInput-input"
        disabled={false}
        id="descriptionstandard-full-width"
        name="description"
        onAnimationStart={[Function]}
        onBlur={[Function]}
        onChange={[Function]}
        onFocus={[Function]}
        placeholder=""
        required={false}
        type="description"
        value="description"
      />
    </div>
  </div>
  <button
    className="MuiButtonBase-root MuiButton-root MuiButton-contained makeStyles-button-1 MuiButton-containedPrimary MuiButton-containedSizeSmall MuiButton-sizeSmall"
    disabled={false}
    onBlur={[Function]}
    onDragLeave={[Function]}
    onFocus={[Function]}
    onKeyDown={[Function]}
    onKeyUp={[Function]}
    onMouseDown={[Function]}
    onMouseLeave={[Function]}
    onMouseUp={[Function]}
    onTouchEnd={[Function]}
    onTouchMove={[Function]}
    onTouchStart={[Function]}
    tabIndex={0}
    type="submit"
  >
    <span
      className="MuiButton-label"
    >
      Commenter
      <span
        className="MuiButton-endIcon MuiButton-iconSizeSmall"
      >
        <span
          aria-hidden={true}
          className="material-icons MuiIcon-root"
        >
          send
        </span>
      </span>
    </span>
  </button>
</form>
`;
